[08:00:01] ════════════════════════════════════════════════════════════
[08:00:01] 每日全流程开始: 2026-05-11
[08:00:01] ════════════════════════════════════════════════════════════
[08:00:01] ============================================================
[08:00:01] 模块一：大浪淘沙 - 信息采集与热点筛选
[08:00:01] ============================================================
[08:02:08] 附加渠道采集...
[08:11:17]   附加渠道总计: 185 条
[08:11:17] 强推荐种子: 0 个
[08:11:17] 使用历史种子: 0 个
[08:11:17] 无种子可处理，跳过 Forge
[08:11:17] 更新网页...
[08:11:19]   Git push 完成
[08:11:19] ════════════════════════════════════════════════════════════
[08:11:19] 全流程完成，耗时 11.3 分钟
[08:11:19] ════════════════════════════════════════════════════════════
[11:02:29] ════════════════════════════════════════════════════════════
[11:02:29] 每日全流程开始: 2026-05-11
[11:02:29] ════════════════════════════════════════════════════════════
[11:02:29] ============================================================
[11:02:29] 模块一：大浪淘沙 - 信息采集与热点筛选
[11:02:29] ============================================================
